TABLE_CATALOG                                                                                                                    TABLE_SCHEMA                                                                                                                     TABLE_NAME                                                                                                                       TABLE_TYPE
-------------------------------------------------------------------------------------------------------------------------------- -------------------------------------------------------------------------------------------------------------------------------- -------------------------------------------------------------------------------------------------------------------------------- ----------
xuan_test_db                                                                                                                     dbo                                                                                                                              majors                                                                                                                           BASE TABLE
xuan_test_db                                                                                                                     dbo                                                                                                                              stu_ifo                                                                                                                          BASE TABLE
xuan_test_db                                                                                                                     dbo                                                                                                                              dept                                                                                                                             BASE TABLE
xuan_test_db                                                                                                                     dbo                                                                                                                              employee                                                                                                                         BASE TABLE

(4 row(s) affected)

